// Jest Snapshot v1, https://goo.gl/fbAQLP

exports[`Card should match snapshot 1`] = `
<section
  className="Card"
>
  <h4 />
  <p>
    Species: 
  </p>
  <p>
    Homeworld: 
  </p>
  <p
    className="home-pop"
  >
    Homeworld Population:
  </p>
  <p />
  <button
    className="fave-undefined"
  >
    <i
      class="fas fa-star"
    />
  </button>
</section>
`;
